::1 - - [19/Jan/2020:20:49:05 +0000] "GET /users/heahe HTTP/1.1" 200 12 "http://localhost:3000/?" "Mozilla/5.0 (Macintosh; Intel Mac OS X 10_14_6) AppleWebKit/537.36 (KHTML, like Gecko) Chrome/78.0.3904.108 Safari/537.36"
::ffff:127.0.0.1 - - [19/Jan/2020:20:49:27 +0000] "GET /users/yeah HTTP/1.1" 200 12 "http://localhost:3000/?" "Mozilla/5.0 (Macintosh; Intel Mac OS X 10.14; rv:71.0) Gecko/20100101 Firefox/71.0"
::1 - - [19/Jan/2020:20:51:11 +0000] "GET /users/hehe HTTP/1.1" 200 12 "http://localhost:3000/?" "Mozilla/5.0 (Macintosh; Intel Mac OS X 10_14_6) AppleWebKit/537.36 (KHTML, like Gecko) Chrome/78.0.3904.108 Safari/537.36"
::ffff:127.0.0.1 - - [19/Jan/2020:20:51:20 +0000] "GET /users/heah HTTP/1.1" 200 12 "http://localhost:3000/?" "Mozilla/5.0 (Macintosh; Intel Mac OS X 10.14; rv:71.0) Gecko/20100101 Firefox/71.0"
::1 - - [19/Jan/2020:20:52:14 +0000] "GET /users/ HTTP/1.1" 400 27 "http://localhost:3000/?" "Mozilla/5.0 (Macintosh; Intel Mac OS X 10_14_6) AppleWebKit/537.36 (KHTML, like Gecko) Chrome/78.0.3904.108 Safari/537.36"
::1 - - [19/Jan/2020:20:52:16 +0000] "GET /users/heah HTTP/1.1" 400 24 "http://localhost:3000/?" "Mozilla/5.0 (Macintosh; Intel Mac OS X 10_14_6) AppleWebKit/537.36 (KHTML, like Gecko) Chrome/78.0.3904.108 Safari/537.36"
::1 - - [19/Jan/2020:20:52:19 +0000] "GET /users/yryry HTTP/1.1" 200 12 "http://localhost:3000/?" "Mozilla/5.0 (Macintosh; Intel Mac OS X 10_14_6) AppleWebKit/537.36 (KHTML, like Gecko) Chrome/78.0.3904.108 Safari/537.36"
::1 - - [19/Jan/2020:20:53:20 +0000] "GET /users/ HTTP/1.1" 400 27 "http://localhost:3000/?" "Mozilla/5.0 (Macintosh; Intel Mac OS X 10_14_6) AppleWebKit/537.36 (KHTML, like Gecko) Chrome/78.0.3904.108 Safari/537.36"
::1 - - [19/Jan/2020:20:54:02 +0000] "GET /users/ursj HTTP/1.1" 200 12 "http://localhost:3000/?" "Mozilla/5.0 (Macintosh; Intel Mac OS X 10_14_6) AppleWebKit/537.36 (KHTML, like Gecko) Chrome/78.0.3904.108 Safari/537.36"
::1 - - [19/Jan/2020:20:58:01 +0000] "GET /users/yeah HTTP/1.1" 200 12 "http://localhost:3000/?" "Mozilla/5.0 (Macintosh; Intel Mac OS X 10_14_6) AppleWebKit/537.36 (KHTML, like Gecko) Chrome/78.0.3904.108 Safari/537.36"
::ffff:127.0.0.1 - - [19/Jan/2020:20:58:04 +0000] "GET /users/yeyea HTTP/1.1" 200 12 "http://localhost:3000/?" "Mozilla/5.0 (Macintosh; Intel Mac OS X 10.14; rv:71.0) Gecko/20100101 Firefox/71.0"
::1 - - [19/Jan/2020:20:58:54 +0000] "GET /users/yeah HTTP/1.1" 200 12 "http://localhost:3000/?" "Mozilla/5.0 (Macintosh; Intel Mac OS X 10_14_6) AppleWebKit/537.36 (KHTML, like Gecko) Chrome/78.0.3904.108 Safari/537.36"
::ffff:127.0.0.1 - - [19/Jan/2020:20:58:57 +0000] "GET /users/asdf HTTP/1.1" 200 12 "http://localhost:3000/?" "Mozilla/5.0 (Macintosh; Intel Mac OS X 10.14; rv:71.0) Gecko/20100101 Firefox/71.0"
::1 - - [19/Jan/2020:21:09:45 +0000] "GET /users/ HTTP/1.1" 400 27 "http://localhost:3000/?" "Mozilla/5.0 (Macintosh; Intel Mac OS X 10_14_6) AppleWebKit/537.36 (KHTML, like Gecko) Chrome/78.0.3904.108 Safari/537.36"
::1 - - [19/Jan/2020:21:09:46 +0000] "GET /users/ HTTP/1.1" 400 27 "http://localhost:3000/?" "Mozilla/5.0 (Macintosh; Intel Mac OS X 10_14_6) AppleWebKit/537.36 (KHTML, like Gecko) Chrome/78.0.3904.108 Safari/537.36"
::1 - - [19/Jan/2020:21:09:47 +0000] "GET /users/ HTTP/1.1" 400 27 "http://localhost:3000/?" "Mozilla/5.0 (Macintosh; Intel Mac OS X 10_14_6) AppleWebKit/537.36 (KHTML, like Gecko) Chrome/78.0.3904.108 Safari/537.36"
::1 - - [19/Jan/2020:21:24:22 +0000] "GET /users/hehe HTTP/1.1" 200 12 "http://localhost:3000/?" "Mozilla/5.0 (Macintosh; Intel Mac OS X 10_14_6) AppleWebKit/537.36 (KHTML, like Gecko) Chrome/78.0.3904.108 Safari/537.36"
::ffff:127.0.0.1 - - [19/Jan/2020:21:24:27 +0000] "GET /users/heah HTTP/1.1" 200 12 "http://localhost:3000/?" "Mozilla/5.0 (Macintosh; Intel Mac OS X 10.14; rv:71.0) Gecko/20100101 Firefox/71.0"
::1 - - [19/Jan/2020:21:25:04 +0000] "GET /users/qwert HTTP/1.1" 200 12 "http://localhost:3000/?" "Mozilla/5.0 (Macintosh; Intel Mac OS X 10_14_6) AppleWebKit/537.36 (KHTML, like Gecko) Chrome/78.0.3904.108 Safari/537.36"
::ffff:127.0.0.1 - - [19/Jan/2020:21:25:08 +0000] "GET /users/qwerr HTTP/1.1" 200 12 "http://localhost:3000/?" "Mozilla/5.0 (Macintosh; Intel Mac OS X 10.14; rv:71.0) Gecko/20100101 Firefox/71.0"
::1 - - [19/Jan/2020:21:31:13 +0000] "GET /users/heah HTTP/1.1" 200 12 "http://localhost:3000/?" "Mozilla/5.0 (Macintosh; Intel Mac OS X 10_14_6) AppleWebKit/537.36 (KHTML, like Gecko) Chrome/78.0.3904.108 Safari/537.36"
::ffff:127.0.0.1 - - [19/Jan/2020:21:36:14 +0000] "GET /users/hej HTTP/1.1" 200 12 "http://localhost:3000/?" "Mozilla/5.0 (Macintosh; Intel Mac OS X 10.14; rv:71.0) Gecko/20100101 Firefox/71.0"
::1 - - [19/Jan/2020:21:36:16 +0000] "GET /users/yreyre HTTP/1.1" 200 12 "http://localhost:3000/?" "Mozilla/5.0 (Macintosh; Intel Mac OS X 10_14_6) AppleWebKit/537.36 (KHTML, like Gecko) Chrome/78.0.3904.108 Safari/537.36"
::1 - - [19/Jan/2020:21:38:50 +0000] "GET /users/yaeh HTTP/1.1" 200 12 "http://localhost:3000/?" "Mozilla/5.0 (Macintosh; Intel Mac OS X 10_14_6) AppleWebKit/537.36 (KHTML, like Gecko) Chrome/78.0.3904.108 Safari/537.36"
::ffff:127.0.0.1 - - [19/Jan/2020:21:38:53 +0000] "GET /users/hehjj HTTP/1.1" 200 12 "http://localhost:3000/?" "Mozilla/5.0 (Macintosh; Intel Mac OS X 10.14; rv:71.0) Gecko/20100101 Firefox/71.0"
::1 - - [19/Jan/2020:21:39:21 +0000] "GET /users/hej HTTP/1.1" 200 12 "http://localhost:3000/?" "Mozilla/5.0 (Macintosh; Intel Mac OS X 10_14_6) AppleWebKit/537.36 (KHTML, like Gecko) Chrome/78.0.3904.108 Safari/537.36"
::ffff:127.0.0.1 - - [19/Jan/2020:21:39:23 +0000] "GET /users/hej HTTP/1.1" 400 24 "http://localhost:3000/?" "Mozilla/5.0 (Macintosh; Intel Mac OS X 10.14; rv:71.0) Gecko/20100101 Firefox/71.0"
::ffff:127.0.0.1 - - [19/Jan/2020:21:39:25 +0000] "GET /users/yeye HTTP/1.1" 200 12 "http://localhost:3000/?" "Mozilla/5.0 (Macintosh; Intel Mac OS X 10.14; rv:71.0) Gecko/20100101 Firefox/71.0"
::1 - - [19/Jan/2020:21:45:14 +0000] "GET /users/yeah HTTP/1.1" 200 12 "http://localhost:3000/?" "Mozilla/5.0 (Macintosh; Intel Mac OS X 10_14_6) AppleWebKit/537.36 (KHTML, like Gecko) Chrome/78.0.3904.108 Safari/537.36"
::ffff:127.0.0.1 - - [19/Jan/2020:21:45:17 +0000] "GET /users/yeah HTTP/1.1" 400 24 "http://localhost:3000/?" "Mozilla/5.0 (Macintosh; Intel Mac OS X 10.14; rv:71.0) Gecko/20100101 Firefox/71.0"
::ffff:127.0.0.1 - - [19/Jan/2020:21:45:20 +0000] "GET /users/hfh HTTP/1.1" 200 12 "http://localhost:3000/?" "Mozilla/5.0 (Macintosh; Intel Mac OS X 10.14; rv:71.0) Gecko/20100101 Firefox/71.0"
::1 - - [19/Jan/2020:21:45:57 +0000] "GET /users/qwer HTTP/1.1" 200 12 "http://localhost:3000/?" "Mozilla/5.0 (Macintosh; Intel Mac OS X 10_14_6) AppleWebKit/537.36 (KHTML, like Gecko) Chrome/78.0.3904.108 Safari/537.36"
::1 - - [19/Jan/2020:21:46:29 +0000] "GET /users/qwer HTTP/1.1" 200 12 "http://localhost:3000/?" "Mozilla/5.0 (Macintosh; Intel Mac OS X 10_14_6) AppleWebKit/537.36 (KHTML, like Gecko) Chrome/78.0.3904.108 Safari/537.36"
::ffff:127.0.0.1 - - [19/Jan/2020:21:46:32 +0000] "GET /users/qwert HTTP/1.1" 200 12 "http://localhost:3000/?" "Mozilla/5.0 (Macintosh; Intel Mac OS X 10.14; rv:71.0) Gecko/20100101 Firefox/71.0"
::ffff:127.0.0.1 - - [19/Jan/2020:21:46:37 +0000] "GET /users/gdgd HTTP/1.1" 200 12 "http://localhost:3000/?" "Mozilla/5.0 (Macintosh; Intel Mac OS X 10.14; rv:71.0) Gecko/20100101 Firefox/71.0"
::ffff:127.0.0.1 - - [19/Jan/2020:21:46:46 +0000] "GET /users/qerqwt HTTP/1.1" 200 12 "http://localhost:3000/?" "Mozilla/5.0 (Macintosh; Intel Mac OS X 10.14; rv:71.0) Gecko/20100101 Firefox/71.0"
::1 - - [19/Jan/2020:21:47:03 +0000] "GET /users/qewew HTTP/1.1" 200 12 "http://localhost:3000/?" "Mozilla/5.0 (Macintosh; Intel Mac OS X 10_14_6) AppleWebKit/537.36 (KHTML, like Gecko) Chrome/78.0.3904.108 Safari/537.36"
::ffff:127.0.0.1 - - [19/Jan/2020:21:47:05 +0000] "GET /users/trwtwet HTTP/1.1" 200 12 "http://localhost:3000/?" "Mozilla/5.0 (Macintosh; Intel Mac OS X 10.14; rv:71.0) Gecko/20100101 Firefox/71.0"
::1 - - [19/Jan/2020:21:48:42 +0000] "GET /users/heh HTTP/1.1" 200 12 "http://localhost:3000/?" "Mozilla/5.0 (Macintosh; Intel Mac OS X 10_14_6) AppleWebKit/537.36 (KHTML, like Gecko) Chrome/78.0.3904.108 Safari/537.36"
::ffff:127.0.0.1 - - [19/Jan/2020:21:48:45 +0000] "GET /users/asd HTTP/1.1" 200 12 "http://localhost:3000/?" "Mozilla/5.0 (Macintosh; Intel Mac OS X 10.14; rv:71.0) Gecko/20100101 Firefox/71.0"
::ffff:127.0.0.1 - - [19/Jan/2020:21:48:57 +0000] "GET /users/a HTTP/1.1" 200 12 "http://localhost:3000/?" "Mozilla/5.0 (Macintosh; Intel Mac OS X 10.14; rv:71.0) Gecko/20100101 Firefox/71.0"
::1 - - [19/Jan/2020:21:48:59 +0000] "GET /users/s HTTP/1.1" 200 12 "http://localhost:3000/?" "Mozilla/5.0 (Macintosh; Intel Mac OS X 10_14_6) AppleWebKit/537.36 (KHTML, like Gecko) Chrome/78.0.3904.108 Safari/537.36"
::1 - - [19/Jan/2020:21:50:12 +0000] "GET /users/qwe HTTP/1.1" 200 12 "http://localhost:3000/?" "Mozilla/5.0 (Macintosh; Intel Mac OS X 10_14_6) AppleWebKit/537.36 (KHTML, like Gecko) Chrome/78.0.3904.108 Safari/537.36"
::ffff:127.0.0.1 - - [19/Jan/2020:21:50:16 +0000] "GET /users/erty HTTP/1.1" 200 12 "http://localhost:3000/?" "Mozilla/5.0 (Macintosh; Intel Mac OS X 10.14; rv:71.0) Gecko/20100101 Firefox/71.0"
::1 - - [19/Jan/2020:21:52:46 +0000] "GET /users/jrjr HTTP/1.1" 200 12 "http://localhost:3000/?" "Mozilla/5.0 (Macintosh; Intel Mac OS X 10_14_6) AppleWebKit/537.36 (KHTML, like Gecko) Chrome/78.0.3904.108 Safari/537.36"
::1 - - [19/Jan/2020:21:53:30 +0000] "GET /users/wew HTTP/1.1" 200 12 "http://localhost:3000/?" "Mozilla/5.0 (Macintosh; Intel Mac OS X 10_14_6) AppleWebKit/537.36 (KHTML, like Gecko) Chrome/78.0.3904.108 Safari/537.36"
::ffff:127.0.0.1 - - [19/Jan/2020:21:57:00 +0000] "GET /users/qwer HTTP/1.1" 200 12 "http://localhost:3000/?" "Mozilla/5.0 (Macintosh; Intel Mac OS X 10.14; rv:71.0) Gecko/20100101 Firefox/71.0"
::1 - - [19/Jan/2020:21:57:07 +0000] "GET /users/zxcvb HTTP/1.1" 200 12 "http://localhost:3000/?" "Mozilla/5.0 (Macintosh; Intel Mac OS X 10_14_6) AppleWebKit/537.36 (KHTML, like Gecko) Chrome/78.0.3904.108 Safari/537.36"
::1 - - [19/Jan/2020:22:26:40 +0000] "GET /users/qwer HTTP/1.1" 200 12 "http://localhost:3000/?" "Mozilla/5.0 (Macintosh; Intel Mac OS X 10_14_6) AppleWebKit/537.36 (KHTML, like Gecko) Chrome/78.0.3904.108 Safari/537.36"
::ffff:127.0.0.1 - - [19/Jan/2020:22:26:44 +0000] "GET /users/asdfg HTTP/1.1" 200 12 "http://localhost:3000/?" "Mozilla/5.0 (Macintosh; Intel Mac OS X 10.14; rv:71.0) Gecko/20100101 Firefox/71.0"
::1 - - [19/Jan/2020:22:31:41 +0000] "GET /users/wer HTTP/1.1" 200 12 "http://localhost:3000/?" "Mozilla/5.0 (Macintosh; Intel Mac OS X 10_14_6) AppleWebKit/537.36 (KHTML, like Gecko) Chrome/78.0.3904.108 Safari/537.36"
::ffff:127.0.0.1 - - [19/Jan/2020:22:31:45 +0000] "GET /users/qwerty HTTP/1.1" 200 12 "http://localhost:3000/?" "Mozilla/5.0 (Macintosh; Intel Mac OS X 10.14; rv:71.0) Gecko/20100101 Firefox/71.0"
::ffff:127.0.0.1 - - [19/Jan/2020:22:32:06 +0000] "GET /users/yeah HTTP/1.1" 200 12 "http://localhost:3000/?" "Mozilla/5.0 (Macintosh; Intel Mac OS X 10.14; rv:71.0) Gecko/20100101 Firefox/71.0"
::1 - - [19/Jan/2020:22:32:09 +0000] "GET /users/gfda HTTP/1.1" 200 12 "http://localhost:3000/?" "Mozilla/5.0 (Macintosh; Intel Mac OS X 10_14_6) AppleWebKit/537.36 (KHTML, like Gecko) Chrome/78.0.3904.108 Safari/537.36"
::1 - - [19/Jan/2020:22:33:11 +0000] "GET /users/wer HTTP/1.1" 200 12 "http://localhost:3000/?" "Mozilla/5.0 (Macintosh; Intel Mac OS X 10_14_6) AppleWebKit/537.36 (KHTML, like Gecko) Chrome/78.0.3904.108 Safari/537.36"
::1 - - [19/Jan/2020:22:42:18 +0000] "GET /users/qwerty HTTP/1.1" 200 12 "http://localhost:3000/?" "Mozilla/5.0 (Macintosh; Intel Mac OS X 10_14_6) AppleWebKit/537.36 (KHTML, like Gecko) Chrome/78.0.3904.108 Safari/537.36"
::ffff:127.0.0.1 - - [19/Jan/2020:22:42:22 +0000] "GET /users/asdfg HTTP/1.1" 200 12 "http://localhost:3000/?" "Mozilla/5.0 (Macintosh; Intel Mac OS X 10.14; rv:71.0) Gecko/20100101 Firefox/71.0"
::1 - - [19/Jan/2020:22:49:43 +0000] "GET /users/Jonathan HTTP/1.1" 200 12 "http://localhost:3000/?" "Mozilla/5.0 (Macintosh; Intel Mac OS X 10_14_6) AppleWebKit/537.36 (KHTML, like Gecko) Chrome/78.0.3904.108 Safari/537.36"
::ffff:127.0.0.1 - - [19/Jan/2020:22:49:49 +0000] "GET /users/Karen HTTP/1.1" 200 12 "http://localhost:3000/?" "Mozilla/5.0 (Macintosh; Intel Mac OS X 10.14; rv:71.0) Gecko/20100101 Firefox/71.0"
::1 - - [20/Jan/2020:11:16:32 +0000] "GET /users/hej HTTP/1.1" 200 12 "http://localhost:3000/?" "Mozilla/5.0 (Macintosh; Intel Mac OS X 10_14_6) AppleWebKit/537.36 (KHTML, like Gecko) Chrome/78.0.3904.108 Safari/537.36"
::1 - - [20/Jan/2020:11:16:35 +0000] "GET /users/yeah HTTP/1.1" 200 12 "http://localhost:3000/?" "Mozilla/5.0 (Macintosh; Intel Mac OS X 10.14; rv:71.0) Gecko/20100101 Firefox/71.0"
::1 - - [20/Jan/2020:11:17:27 +0000] "GET /users/@%C2%A9fdf HTTP/1.1" 400 25 "http://localhost:3000/?" "Mozilla/5.0 (Macintosh; Intel Mac OS X 10_14_6) AppleWebKit/537.36 (KHTML, like Gecko) Chrome/78.0.3904.108 Safari/537.36"
::1 - - [20/Jan/2020:11:17:32 +0000] "GET /users/ HTTP/1.1" 400 27 "http://localhost:3000/?" "Mozilla/5.0 (Macintosh; Intel Mac OS X 10_14_6) AppleWebKit/537.36 (KHTML, like Gecko) Chrome/78.0.3904.108 Safari/537.36"
::1 - - [20/Jan/2020:11:17:33 +0000] "GET /users/ HTTP/1.1" 400 27 "http://localhost:3000/?" "Mozilla/5.0 (Macintosh; Intel Mac OS X 10_14_6) AppleWebKit/537.36 (KHTML, like Gecko) Chrome/78.0.3904.108 Safari/537.36"
::1 - - [20/Jan/2020:11:17:34 +0000] "GET /users/ HTTP/1.1" 400 27 "http://localhost:3000/?" "Mozilla/5.0 (Macintosh; Intel Mac OS X 10_14_6) AppleWebKit/537.36 (KHTML, like Gecko) Chrome/78.0.3904.108 Safari/537.36"
::1 - - [20/Jan/2020:11:17:37 +0000] "GET /users/Jonathan HTTP/1.1" 200 12 "http://localhost:3000/?" "Mozilla/5.0 (Macintosh; Intel Mac OS X 10_14_6) AppleWebKit/537.36 (KHTML, like Gecko) Chrome/78.0.3904.108 Safari/537.36"
::1 - - [20/Jan/2020:11:32:18 +0000] "GET /users/yeye HTTP/1.1" 200 12 "http://localhost:3000/?" "Mozilla/5.0 (Macintosh; Intel Mac OS X 10_14_6) AppleWebKit/537.36 (KHTML, like Gecko) Chrome/78.0.3904.108 Safari/537.36"
::1 - - [20/Jan/2020:11:32:23 +0000] "GET /users/qwer HTTP/1.1" 200 12 "http://localhost:3000/?" "Mozilla/5.0 (Macintosh; Intel Mac OS X 10.14; rv:71.0) Gecko/20100101 Firefox/71.0"
::1 - - [20/Jan/2020:16:35:42 +0000] "GET /users/Jonathan HTTP/1.1" 200 12 "http://localhost:3000/?" "Mozilla/5.0 (Macintosh; Intel Mac OS X 10_14_6) AppleWebKit/537.36 (KHTML, like Gecko) Chrome/78.0.3904.108 Safari/537.36"
::1 - - [20/Jan/2020:16:35:53 +0000] "GET /users/Steven HTTP/1.1" 200 12 "http://localhost:3000/?" "Mozilla/5.0 (Macintosh; Intel Mac OS X 10.14; rv:71.0) Gecko/20100101 Firefox/71.0"
::1 - - [20/Jan/2020:16:36:35 +0000] "GET /users/ HTTP/1.1" 400 27 "http://localhost:3000/?" "Mozilla/5.0 (Macintosh; Intel Mac OS X 10_14_6) AppleWebKit/537.36 (KHTML, like Gecko) Chrome/78.0.3904.108 Safari/537.36"
::1 - - [20/Jan/2020:16:37:18 +0000] "GET /users/Jon HTTP/1.1" 200 12 "http://localhost:3000/?" "Mozilla/5.0 (Macintosh; Intel Mac OS X 10_14_6) AppleWebKit/537.36 (KHTML, like Gecko) Chrome/78.0.3904.108 Safari/537.36"
::ffff:127.0.0.1 - - [20/Jan/2020:16:37:59 +0000] "GET /users/Jonathana HTTP/1.1" 200 12 "http://localhost:3000/?" "Mozilla/5.0 (iPhone; CPU iPhone OS 11_0 like Mac OS X) AppleWebKit/604.1.38 (KHTML, like Gecko) Version/11.0 Mobile/15A372 Safari/604.1"
::1 - - [20/Jan/2020:16:38:18 +0000] "GET /users/Benny HTTP/1.1" 200 12 "http://localhost:3000/?" "Mozilla/5.0 (iPhone; CPU iPhone OS 10_3_1 like Mac OS X) AppleWebKit/603.1.30 (KHTML, like Gecko) Version/10.0 Mobile/14E304 Safari/602.1"
::1 - - [20/Jan/2020:16:40:24 +0000] "GET /users/:D HTTP/1.1" 400 25 "http://localhost:3000/?" "Mozilla/5.0 (iPhone; CPU iPhone OS 10_3_1 like Mac OS X) AppleWebKit/603.1.30 (KHTML, like Gecko) Version/10.0 Mobile/14E304 Safari/602.1"
::1 - - [20/Jan/2020:16:40:31 +0000] "GET /users/Manny HTTP/1.1" 200 12 "http://localhost:3000/?" "Mozilla/5.0 (iPhone; CPU iPhone OS 10_3_1 like Mac OS X) AppleWebKit/603.1.30 (KHTML, like Gecko) Version/10.0 Mobile/14E304 Safari/602.1"
::ffff:127.0.0.1 - - [20/Jan/2020:16:40:36 +0000] "GET /users/Benny HTTP/1.1" 200 12 "http://localhost:3000/?" "Mozilla/5.0 (iPhone; CPU iPhone OS 11_0 like Mac OS X) AppleWebKit/604.1.38 (KHTML, like Gecko) Version/11.0 Mobile/15A372 Safari/604.1"
::1 - - [20/Jan/2020:16:41:54 +0000] "GET /users/:D%C2%A8 HTTP/1.1" 400 25 "http://localhost:3000/?" "Mozilla/5.0 (iPhone; CPU iPhone OS 10_3_1 like Mac OS X) AppleWebKit/603.1.30 (KHTML, like Gecko) Version/10.0 Mobile/14E304 Safari/602.1"
::1 - - [20/Jan/2020:16:42:25 +0000] "GET /users/Kennny HTTP/1.1" 200 12 "http://localhost:3000/?" "Mozilla/5.0 (iPhone; CPU iPhone OS 10_3_1 like Mac OS X) AppleWebKit/603.1.30 (KHTML, like Gecko) Version/10.0 Mobile/14E304 Safari/602.1"
::1 - - [20/Jan/2020:18:23:46 +0000] "GET /users/ HTTP/1.1" 400 27 "http://localhost:3000/?" "Mozilla/5.0 (iPhone; CPU iPhone OS 10_3_1 like Mac OS X) AppleWebKit/603.1.30 (KHTML, like Gecko) Version/10.0 Mobile/14E304 Safari/602.1"
::1 - - [20/Jan/2020:21:03:18 +0000] "GET /users/ HTTP/1.1" 400 27 "http://localhost:3000/?" "Mozilla/5.0 (iPhone; CPU iPhone OS 10_3_1 like Mac OS X) AppleWebKit/603.1.30 (KHTML, like Gecko) Version/10.0 Mobile/14E304 Safari/602.1"
::1 - - [20/Jan/2020:21:03:23 +0000] "GET /users/Jonathan HTTP/1.1" 200 12 "http://localhost:3000/?" "Mozilla/5.0 (iPhone; CPU iPhone OS 10_3_1 like Mac OS X) AppleWebKit/603.1.30 (KHTML, like Gecko) Version/10.0 Mobile/14E304 Safari/602.1"
::ffff:127.0.0.1 - - [20/Jan/2020:21:03:49 +0000] "GET /users/Jon HTTP/1.1" 200 12 "http://localhost:3000/?" "Mozilla/5.0 (iPhone; CPU iPhone OS 11_0 like Mac OS X) AppleWebKit/604.1.38 (KHTML, like Gecko) Version/11.0 Mobile/15A372 Safari/604.1"
::ffff:127.0.0.1 - - [20/Jan/2020:21:03:58 +0000] "GET /users/Jon HTTP/1.1" 200 12 "http://localhost:3000/?" "Mozilla/5.0 (iPhone; CPU iPhone OS 11_0 like Mac OS X) AppleWebKit/604.1.38 (KHTML, like Gecko) Version/11.0 Mobile/15A372 Safari/604.1"
::1 - - [20/Jan/2020:21:14:32 +0000] "GET /users/Jonatahn HTTP/1.1" 200 12 "http://localhost:3000/?" "Mozilla/5.0 (iPhone; CPU iPhone OS 10_3_1 like Mac OS X) AppleWebKit/603.1.30 (KHTML, like Gecko) Version/10.0 Mobile/14E304 Safari/602.1"
::1 - - [20/Jan/2020:22:22:30 +0000] "GET /users/:D HTTP/1.1" 400 25 "http://localhost:3000/?" "Mozilla/5.0 (iPhone; CPU iPhone OS 10_3_1 like Mac OS X) AppleWebKit/603.1.30 (KHTML, like Gecko) Version/10.0 Mobile/14E304 Safari/602.1"
::1 - - [20/Jan/2020:22:22:32 +0000] "GET /users/hej HTTP/1.1" 200 12 "http://localhost:3000/?" "Mozilla/5.0 (iPhone; CPU iPhone OS 10_3_1 like Mac OS X) AppleWebKit/603.1.30 (KHTML, like Gecko) Version/10.0 Mobile/14E304 Safari/602.1"
::1 - - [20/Jan/2020:22:29:38 +0000] "GET /users/Jonathan HTTP/1.1" 200 12 "http://localhost:3000/?" "Mozilla/5.0 (iPhone; CPU iPhone OS 10_3_1 like Mac OS X) AppleWebKit/603.1.30 (KHTML, like Gecko) Version/10.0 Mobile/14E304 Safari/602.1"
::1 - - [21/Jan/2020:11:51:03 +0000] "GET /users/Jonathan HTTP/1.1" 200 12 "http://localhost:3000/?" "Mozilla/5.0 (iPhone; CPU iPhone OS 10_3_1 like Mac OS X) AppleWebKit/603.1.30 (KHTML, like Gecko) Version/10.0 Mobile/14E304 Safari/602.1"
::1 - - [21/Jan/2020:11:51:30 +0000] "GET /users/Jonathan HTTP/1.1" 200 12 "http://localhost:3000/?" "Mozilla/5.0 (iPhone; CPU iPhone OS 10_3_1 like Mac OS X) AppleWebKit/603.1.30 (KHTML, like Gecko) Version/10.0 Mobile/14E304 Safari/602.1"
::1 - - [21/Jan/2020:11:51:35 +0000] "GET /users/hehe HTTP/1.1" 200 12 "http://localhost:3000/?" "Mozilla/5.0 (iPhone; CPU iPhone OS 10_3_1 like Mac OS X) AppleWebKit/603.1.30 (KHTML, like Gecko) Version/10.0 Mobile/14E304 Safari/602.1"
::1 - - [21/Jan/2020:11:51:55 +0000] "GET /users/Jonathan HTTP/1.1" 200 12 "http://localhost:3000/?" "Mozilla/5.0 (iPhone; CPU iPhone OS 10_3_1 like Mac OS X) AppleWebKit/603.1.30 (KHTML, like Gecko) Version/10.0 Mobile/14E304 Safari/602.1"
::1 - - [21/Jan/2020:12:01:55 +0000] "GET /users/yeah HTTP/1.1" 200 12 "http://localhost:3000/?" "Mozilla/5.0 (iPhone; CPU iPhone OS 10_3_1 like Mac OS X) AppleWebKit/603.1.30 (KHTML, like Gecko) Version/10.0 Mobile/14E304 Safari/602.1"
::1 - - [21/Jan/2020:12:04:22 +0000] "GET /users/yeah HTTP/1.1" 200 12 "http://localhost:3000/?" "Mozilla/5.0 (iPhone; CPU iPhone OS 10_3_1 like Mac OS X) AppleWebKit/603.1.30 (KHTML, like Gecko) Version/10.0 Mobile/14E304 Safari/602.1"
::1 - - [21/Jan/2020:12:09:46 +0000] "GET /users/ HTTP/1.1" 400 27 "http://localhost:3000/?" "Mozilla/5.0 (iPhone; CPU iPhone OS 10_3_1 like Mac OS X) AppleWebKit/603.1.30 (KHTML, like Gecko) Version/10.0 Mobile/14E304 Safari/602.1"
::1 - - [21/Jan/2020:12:09:52 +0000] "GET /users/@%C2%A3@%C2%A3 HTTP/1.1" 400 25 "http://localhost:3000/?" "Mozilla/5.0 (iPhone; CPU iPhone OS 10_3_1 like Mac OS X) AppleWebKit/603.1.30 (KHTML, like Gecko) Version/10.0 Mobile/14E304 Safari/602.1"
::1 - - [21/Jan/2020:12:09:55 +0000] "GET /users/Jonathan HTTP/1.1" 200 12 "http://localhost:3000/?" "Mozilla/5.0 (iPhone; CPU iPhone OS 10_3_1 like Mac OS X) AppleWebKit/603.1.30 (KHTML, like Gecko) Version/10.0 Mobile/14E304 Safari/602.1"
::1 - - [21/Jan/2020:12:15:31 +0000] "GET /users/ HTTP/1.1" 400 27 "http://localhost:3000/?" "Mozilla/5.0 (iPhone; CPU iPhone OS 10_3_1 like Mac OS X) AppleWebKit/603.1.30 (KHTML, like Gecko) Version/10.0 Mobile/14E304 Safari/602.1"
::ffff:127.0.0.1 - - [21/Jan/2020:12:15:34 +0000] "GET /users/ahyeh HTTP/1.1" 200 12 "http://localhost:3000/?" "Mozilla/5.0 (iPhone; CPU iPhone OS 11_0 like Mac OS X) AppleWebKit/604.1.38 (KHTML, like Gecko) Version/11.0 Mobile/15A372 Safari/604.1"
::1 - - [21/Jan/2020:12:15:39 +0000] "GET /users/jon HTTP/1.1" 200 12 "http://localhost:3000/?" "Mozilla/5.0 (iPhone; CPU iPhone OS 10_3_1 like Mac OS X) AppleWebKit/603.1.30 (KHTML, like Gecko) Version/10.0 Mobile/14E304 Safari/602.1"
::1 - - [21/Jan/2020:12:23:21 +0000] "GET /users/ HTTP/1.1" 400 27 "http://localhost:3000/?" "Mozilla/5.0 (iPhone; CPU iPhone OS 10_3_1 like Mac OS X) AppleWebKit/603.1.30 (KHTML, like Gecko) Version/10.0 Mobile/14E304 Safari/602.1"
::1 - - [21/Jan/2020:12:23:23 +0000] "GET /users/yeah HTTP/1.1" 200 12 "http://localhost:3000/?" "Mozilla/5.0 (iPhone; CPU iPhone OS 10_3_1 like Mac OS X) AppleWebKit/603.1.30 (KHTML, like Gecko) Version/10.0 Mobile/14E304 Safari/602.1"
::1 - - [21/Jan/2020:12:33:50 +0000] "GET /users/ HTTP/1.1" 400 27 "http://localhost:3000/?" "Mozilla/5.0 (iPhone; CPU iPhone OS 10_3_1 like Mac OS X) AppleWebKit/603.1.30 (KHTML, like Gecko) Version/10.0 Mobile/14E304 Safari/602.1"
::1 - - [21/Jan/2020:12:43:08 +0000] "GET /users/ HTTP/1.1" 400 27 "http://localhost:3000/?" "Mozilla/5.0 (iPhone; CPU iPhone OS 10_3_1 like Mac OS X) AppleWebKit/603.1.30 (KHTML, like Gecko) Version/10.0 Mobile/14E304 Safari/602.1"
::1 - - [21/Jan/2020:12:43:12 +0000] "GET /users/hea@%C2%A3 HTTP/1.1" 400 25 "http://localhost:3000/?" "Mozilla/5.0 (iPhone; CPU iPhone OS 10_3_1 like Mac OS X) AppleWebKit/603.1.30 (KHTML, like Gecko) Version/10.0 Mobile/14E304 Safari/602.1"
::1 - - [21/Jan/2020:12:43:14 +0000] "GET /users/ehehe HTTP/1.1" 200 12 "http://localhost:3000/?" "Mozilla/5.0 (iPhone; CPU iPhone OS 10_3_1 like Mac OS X) AppleWebKit/603.1.30 (KHTML, like Gecko) Version/10.0 Mobile/14E304 Safari/602.1"
::1 - - [21/Jan/2020:12:43:53 +0000] "GET /users/ HTTP/1.1" 400 27 "http://localhost:3000/?" "Mozilla/5.0 (iPhone; CPU iPhone OS 10_3_1 like Mac OS X) AppleWebKit/603.1.30 (KHTML, like Gecko) Version/10.0 Mobile/14E304 Safari/602.1"
::1 - - [21/Jan/2020:12:43:54 +0000] "GET /users/ HTTP/1.1" 400 27 "http://localhost:3000/?" "Mozilla/5.0 (iPhone; CPU iPhone OS 10_3_1 like Mac OS X) AppleWebKit/603.1.30 (KHTML, like Gecko) Version/10.0 Mobile/14E304 Safari/602.1"
::1 - - [21/Jan/2020:12:43:54 +0000] "GET /users/ HTTP/1.1" 400 27 "http://localhost:3000/?" "Mozilla/5.0 (iPhone; CPU iPhone OS 10_3_1 like Mac OS X) AppleWebKit/603.1.30 (KHTML, like Gecko) Version/10.0 Mobile/14E304 Safari/602.1"
::1 - - [21/Jan/2020:12:43:55 +0000] "GET /users/ HTTP/1.1" 400 27 "http://localhost:3000/?" "Mozilla/5.0 (iPhone; CPU iPhone OS 10_3_1 like Mac OS X) AppleWebKit/603.1.30 (KHTML, like Gecko) Version/10.0 Mobile/14E304 Safari/602.1"
::1 - - [21/Jan/2020:12:43:56 +0000] "GET /users/ HTTP/1.1" 400 27 "http://localhost:3000/?" "Mozilla/5.0 (iPhone; CPU iPhone OS 10_3_1 like Mac OS X) AppleWebKit/603.1.30 (KHTML, like Gecko) Version/10.0 Mobile/14E304 Safari/602.1"
::1 - - [21/Jan/2020:12:43:56 +0000] "GET /users/ HTTP/1.1" 400 27 "http://localhost:3000/?" "Mozilla/5.0 (iPhone; CPU iPhone OS 10_3_1 like Mac OS X) AppleWebKit/603.1.30 (KHTML, like Gecko) Version/10.0 Mobile/14E304 Safari/602.1"
::1 - - [21/Jan/2020:12:43:59 +0000] "GET /users/@%C2%A3 HTTP/1.1" 400 25 "http://localhost:3000/?" "Mozilla/5.0 (iPhone; CPU iPhone OS 10_3_1 like Mac OS X) AppleWebKit/603.1.30 (KHTML, like Gecko) Version/10.0 Mobile/14E304 Safari/602.1"
::1 - - [21/Jan/2020:12:43:59 +0000] "GET /users/@%C2%A3 HTTP/1.1" 400 25 "http://localhost:3000/?" "Mozilla/5.0 (iPhone; CPU iPhone OS 10_3_1 like Mac OS X) AppleWebKit/603.1.30 (KHTML, like Gecko) Version/10.0 Mobile/14E304 Safari/602.1"
::1 - - [21/Jan/2020:12:44:22 +0000] "GET /users/ HTTP/1.1" 400 27 "http://localhost:3000/?" "Mozilla/5.0 (iPhone; CPU iPhone OS 10_3_1 like Mac OS X) AppleWebKit/603.1.30 (KHTML, like Gecko) Version/10.0 Mobile/14E304 Safari/602.1"
::1 - - [21/Jan/2020:12:44:22 +0000] "GET /users/ HTTP/1.1" 400 27 "http://localhost:3000/?" "Mozilla/5.0 (iPhone; CPU iPhone OS 10_3_1 like Mac OS X) AppleWebKit/603.1.30 (KHTML, like Gecko) Version/10.0 Mobile/14E304 Safari/602.1"
::1 - - [21/Jan/2020:12:44:22 +0000] "GET /users/ HTTP/1.1" 400 27 "http://localhost:3000/?" "Mozilla/5.0 (iPhone; CPU iPhone OS 10_3_1 like Mac OS X) AppleWebKit/603.1.30 (KHTML, like Gecko) Version/10.0 Mobile/14E304 Safari/602.1"
::1 - - [21/Jan/2020:12:44:23 +0000] "GET /users/ HTTP/1.1" 400 27 "http://localhost:3000/?" "Mozilla/5.0 (iPhone; CPU iPhone OS 10_3_1 like Mac OS X) AppleWebKit/603.1.30 (KHTML, like Gecko) Version/10.0 Mobile/14E304 Safari/602.1"
::1 - - [21/Jan/2020:12:44:23 +0000] "GET /users/ HTTP/1.1" 400 27 "http://localhost:3000/?" "Mozilla/5.0 (iPhone; CPU iPhone OS 10_3_1 like Mac OS X) AppleWebKit/603.1.30 (KHTML, like Gecko) Version/10.0 Mobile/14E304 Safari/602.1"
::1 - - [21/Jan/2020:12:44:25 +0000] "GET /users/heh HTTP/1.1" 200 12 "http://localhost:3000/?" "Mozilla/5.0 (iPhone; CPU iPhone OS 10_3_1 like Mac OS X) AppleWebKit/603.1.30 (KHTML, like Gecko) Version/10.0 Mobile/14E304 Safari/602.1"
::1 - - [21/Jan/2020:12:44:25 +0000] "GET /users/heh HTTP/1.1" 200 12 "http://localhost:3000/?" "Mozilla/5.0 (iPhone; CPU iPhone OS 10_3_1 like Mac OS X) AppleWebKit/603.1.30 (KHTML, like Gecko) Version/10.0 Mobile/14E304 Safari/602.1"
::1 - - [21/Jan/2020:12:44:25 +0000] "GET /users/heh HTTP/1.1" 200 12 "http://localhost:3000/?" "Mozilla/5.0 (iPhone; CPU iPhone OS 10_3_1 like Mac OS X) AppleWebKit/603.1.30 (KHTML, like Gecko) Version/10.0 Mobile/14E304 Safari/602.1"
::1 - - [21/Jan/2020:12:45:01 +0000] "GET /users/ HTTP/1.1" 400 27 "http://localhost:3000/?" "Mozilla/5.0 (iPhone; CPU iPhone OS 10_3_1 like Mac OS X) AppleWebKit/603.1.30 (KHTML, like Gecko) Version/10.0 Mobile/14E304 Safari/602.1"
::1 - - [21/Jan/2020:12:45:02 +0000] "GET /users/ HTTP/1.1" 400 27 "http://localhost:3000/?" "Mozilla/5.0 (iPhone; CPU iPhone OS 10_3_1 like Mac OS X) AppleWebKit/603.1.30 (KHTML, like Gecko) Version/10.0 Mobile/14E304 Safari/602.1"
::1 - - [21/Jan/2020:12:45:02 +0000] "GET /users/ HTTP/1.1" 400 27 "http://localhost:3000/?" "Mozilla/5.0 (iPhone; CPU iPhone OS 10_3_1 like Mac OS X) AppleWebKit/603.1.30 (KHTML, like Gecko) Version/10.0 Mobile/14E304 Safari/602.1"
::1 - - [21/Jan/2020:12:45:02 +0000] "GET /users/ HTTP/1.1" 400 27 "http://localhost:3000/?" "Mozilla/5.0 (iPhone; CPU iPhone OS 10_3_1 like Mac OS X) AppleWebKit/603.1.30 (KHTML, like Gecko) Version/10.0 Mobile/14E304 Safari/602.1"
::1 - - [21/Jan/2020:12:45:02 +0000] "GET /users/ HTTP/1.1" 400 27 "http://localhost:3000/?" "Mozilla/5.0 (iPhone; CPU iPhone OS 10_3_1 like Mac OS X) AppleWebKit/603.1.30 (KHTML, like Gecko) Version/10.0 Mobile/14E304 Safari/602.1"
::1 - - [21/Jan/2020:12:45:05 +0000] "GET /users/@1 HTTP/1.1" 400 25 "http://localhost:3000/?" "Mozilla/5.0 (iPhone; CPU iPhone OS 10_3_1 like Mac OS X) AppleWebKit/603.1.30 (KHTML, like Gecko) Version/10.0 Mobile/14E304 Safari/602.1"
::1 - - [21/Jan/2020:12:45:25 +0000] "GET /users/jonathan HTTP/1.1" 200 12 "http://localhost:3000/?" "Mozilla/5.0 (iPhone; CPU iPhone OS 10_3_1 like Mac OS X) AppleWebKit/603.1.30 (KHTML, like Gecko) Version/10.0 Mobile/14E304 Safari/602.1"
::ffff:127.0.0.1 - - [21/Jan/2020:12:45:29 +0000] "GET /users/jonathan HTTP/1.1" 400 24 "http://localhost:3000/?" "Mozilla/5.0 (iPhone; CPU iPhone OS 11_0 like Mac OS X) AppleWebKit/604.1.38 (KHTML, like Gecko) Version/11.0 Mobile/15A372 Safari/604.1"
::1 - - [21/Jan/2020:13:13:50 +0000] "GET /users/Jonathan HTTP/1.1" 200 12 "http://localhost:3000/?" "Mozilla/5.0 (iPhone; CPU iPhone OS 10_3_1 like Mac OS X) AppleWebKit/603.1.30 (KHTML, like Gecko) Version/10.0 Mobile/14E304 Safari/602.1"
::ffff:127.0.0.1 - - [21/Jan/2020:13:13:54 +0000] "GET /users/Jon HTTP/1.1" 200 12 "http://localhost:3000/?" "Mozilla/5.0 (iPhone; CPU iPhone OS 11_0 like Mac OS X) AppleWebKit/604.1.38 (KHTML, like Gecko) Version/11.0 Mobile/15A372 Safari/604.1"
::1 - - [21/Jan/2020:13:14:40 +0000] "GET /users/jonathan HTTP/1.1" 200 12 "http://localhost:3000/?" "Mozilla/5.0 (iPhone; CPU iPhone OS 10_3_1 like Mac OS X) AppleWebKit/603.1.30 (KHTML, like Gecko) Version/10.0 Mobile/14E304 Safari/602.1"
::ffff:127.0.0.1 - - [21/Jan/2020:13:14:43 +0000] "GET /users/jon HTTP/1.1" 200 12 "http://localhost:3000/?" "Mozilla/5.0 (iPhone; CPU iPhone OS 11_0 like Mac OS X) AppleWebKit/604.1.38 (KHTML, like Gecko) Version/11.0 Mobile/15A372 Safari/604.1"
::1 - - [21/Jan/2020:13:15:11 +0000] "GET /users/Yooo HTTP/1.1" 200 12 "http://localhost:3000/?" "Mozilla/5.0 (iPhone; CPU iPhone OS 10_3_1 like Mac OS X) AppleWebKit/603.1.30 (KHTML, like Gecko) Version/10.0 Mobile/14E304 Safari/602.1"
::1 - - [21/Jan/2020:13:15:52 +0000] "GET /users/Jonathan HTTP/1.1" 200 12 "http://localhost:3000/?" "Mozilla/5.0 (iPhone; CPU iPhone OS 10_3_1 like Mac OS X) AppleWebKit/603.1.30 (KHTML, like Gecko) Version/10.0 Mobile/14E304 Safari/602.1"
::ffff:127.0.0.1 - - [21/Jan/2020:13:15:57 +0000] "GET /users/Jonaz HTTP/1.1" 200 12 "http://localhost:3000/?" "Mozilla/5.0 (iPhone; CPU iPhone OS 11_0 like Mac OS X) AppleWebKit/604.1.38 (KHTML, like Gecko) Version/11.0 Mobile/15A372 Safari/604.1"
::1 - - [21/Jan/2020:13:18:39 +0000] "GET /users/hej HTTP/1.1" 200 12 "http://localhost:3000/?" "Mozilla/5.0 (iPhone; CPU iPhone OS 10_3_1 like Mac OS X) AppleWebKit/603.1.30 (KHTML, like Gecko) Version/10.0 Mobile/14E304 Safari/602.1"
::1 - - [21/Jan/2020:13:20:49 +0000] "GET /users/Yooo HTTP/1.1" 200 12 "http://localhost:3000/?" "Mozilla/5.0 (iPhone; CPU iPhone OS 10_3_1 like Mac OS X) AppleWebKit/603.1.30 (KHTML, like Gecko) Version/10.0 Mobile/14E304 Safari/602.1"
::1 - - [21/Jan/2020:13:21:01 +0000] "GET /users/Yoo HTTP/1.1" 200 12 "http://localhost:3000/?" "Mozilla/5.0 (iPhone; CPU iPhone OS 10_3_1 like Mac OS X) AppleWebKit/603.1.30 (KHTML, like Gecko) Version/10.0 Mobile/14E304 Safari/602.1"
::ffff:127.0.0.1 - - [21/Jan/2020:13:24:50 +0000] "GET /users/Cannabis HTTP/1.1" 200 12 "http://localhost:3000/?" "Mozilla/5.0 (iPhone; CPU iPhone OS 11_0 like Mac OS X) AppleWebKit/604.1.38 (KHTML, like Gecko) Version/11.0 Mobile/15A372 Safari/604.1"
::1 - - [21/Jan/2020:13:33:12 +0000] "GET /users/yeye HTTP/1.1" 200 12 "http://localhost:3000/?" "Mozilla/5.0 (iPhone; CPU iPhone OS 10_3_1 like Mac OS X) AppleWebKit/603.1.30 (KHTML, like Gecko) Version/10.0 Mobile/14E304 Safari/602.1"
::ffff:127.0.0.1 - - [21/Jan/2020:13:33:15 +0000] "GET /users/ye HTTP/1.1" 200 12 "http://localhost:3000/?" "Mozilla/5.0 (iPhone; CPU iPhone OS 11_0 like Mac OS X) AppleWebKit/604.1.38 (KHTML, like Gecko) Version/11.0 Mobile/15A372 Safari/604.1"
::1 - - [21/Jan/2020:13:34:44 +0000] "GET /users/qwe HTTP/1.1" 200 12 "http://localhost:3000/?" "Mozilla/5.0 (iPhone; CPU iPhone OS 10_3_1 like Mac OS X) AppleWebKit/603.1.30 (KHTML, like Gecko) Version/10.0 Mobile/14E304 Safari/602.1"
::ffff:127.0.0.1 - - [21/Jan/2020:13:34:46 +0000] "GET /users/s HTTP/1.1" 200 12 "http://localhost:3000/?" "Mozilla/5.0 (iPhone; CPU iPhone OS 11_0 like Mac OS X) AppleWebKit/604.1.38 (KHTML, like Gecko) Version/11.0 Mobile/15A372 Safari/604.1"
::1 - - [21/Jan/2020:14:41:56 +0000] "GET /users/heahah HTTP/1.1" 200 12 "http://localhost:3000/?" "Mozilla/5.0 (iPhone; CPU iPhone OS 10_3_1 like Mac OS X) AppleWebKit/603.1.30 (KHTML, like Gecko) Version/10.0 Mobile/14E304 Safari/602.1"
::ffff:127.0.0.1 - - [21/Jan/2020:14:43:11 +0000] "GET /users/yey HTTP/1.1" 200 12 "http://localhost:3000/?" "Mozilla/5.0 (iPhone; CPU iPhone OS 11_0 like Mac OS X) AppleWebKit/604.1.38 (KHTML, like Gecko) Version/11.0 Mobile/15A372 Safari/604.1"
::ffff:127.0.0.1 - - [21/Jan/2020:14:45:53 +0000] "GET /users/ HTTP/1.1" 400 27 "http://localhost:3000/?" "Mozilla/5.0 (iPhone; CPU iPhone OS 11_0 like Mac OS X) AppleWebKit/604.1.38 (KHTML, like Gecko) Version/11.0 Mobile/15A372 Safari/604.1"
::ffff:127.0.0.1 - - [21/Jan/2020:14:45:53 +0000] "GET /users/ HTTP/1.1" 400 27 "http://localhost:3000/?" "Mozilla/5.0 (iPhone; CPU iPhone OS 11_0 like Mac OS X) AppleWebKit/604.1.38 (KHTML, like Gecko) Version/11.0 Mobile/15A372 Safari/604.1"
::ffff:127.0.0.1 - - [21/Jan/2020:14:45:55 +0000] "GET /users/ HTTP/1.1" 400 27 "http://localhost:3000/?" "Mozilla/5.0 (iPhone; CPU iPhone OS 11_0 like Mac OS X) AppleWebKit/604.1.38 (KHTML, like Gecko) Version/11.0 Mobile/15A372 Safari/604.1"
::1 - - [21/Jan/2020:14:46:42 +0000] "GET /users/ HTTP/1.1" 400 27 "http://localhost:3000/?" "Mozilla/5.0 (iPhone; CPU iPhone OS 10_3_1 like Mac OS X) AppleWebKit/603.1.30 (KHTML, like Gecko) Version/10.0 Mobile/14E304 Safari/602.1"
::1 - - [21/Jan/2020:14:46:45 +0000] "GET /users/Heyyy HTTP/1.1" 200 12 "http://localhost:3000/?" "Mozilla/5.0 (iPhone; CPU iPhone OS 10_3_1 like Mac OS X) AppleWebKit/603.1.30 (KHTML, like Gecko) Version/10.0 Mobile/14E304 Safari/602.1"
::ffff:127.0.0.1 - - [21/Jan/2020:14:46:48 +0000] "GET /users/h HTTP/1.1" 200 12 "http://localhost:3000/?" "Mozilla/5.0 (iPhone; CPU iPhone OS 11_0 like Mac OS X) AppleWebKit/604.1.38 (KHTML, like Gecko) Version/11.0 Mobile/15A372 Safari/604.1"
::1 - - [21/Jan/2020:14:49:23 +0000] "GET /users/yeah HTTP/1.1" 200 12 "http://localhost:3000/?" "Mozilla/5.0 (iPhone; CPU iPhone OS 10_3_1 like Mac OS X) AppleWebKit/603.1.30 (KHTML, like Gecko) Version/10.0 Mobile/14E304 Safari/602.1"
::ffff:127.0.0.1 - - [21/Jan/2020:14:49:26 +0000] "GET /users/eah HTTP/1.1" 200 12 "http://localhost:3000/?" "Mozilla/5.0 (iPhone; CPU iPhone OS 11_0 like Mac OS X) AppleWebKit/604.1.38 (KHTML, like Gecko) Version/11.0 Mobile/15A372 Safari/604.1"
::1 - - [21/Jan/2020:14:49:34 +0000] "GET /users/ HTTP/1.1" 400 27 "http://localhost:3000/?" "Mozilla/5.0 (iPhone; CPU iPhone OS 10_3_1 like Mac OS X) AppleWebKit/603.1.30 (KHTML, like Gecko) Version/10.0 Mobile/14E304 Safari/602.1"
::1 - - [21/Jan/2020:14:49:35 +0000] "GET /users/yeye HTTP/1.1" 200 12 "http://localhost:3000/?" "Mozilla/5.0 (iPhone; CPU iPhone OS 10_3_1 like Mac OS X) AppleWebKit/603.1.30 (KHTML, like Gecko) Version/10.0 Mobile/14E304 Safari/602.1"
::1 - - [21/Jan/2020:14:49:54 +0000] "GET /users/hehe HTTP/1.1" 200 12 "http://localhost:3000/?" "Mozilla/5.0 (iPhone; CPU iPhone OS 10_3_1 like Mac OS X) AppleWebKit/603.1.30 (KHTML, like Gecko) Version/10.0 Mobile/14E304 Safari/602.1"
::ffff:127.0.0.1 - - [21/Jan/2020:14:49:57 +0000] "GET /users/hheh HTTP/1.1" 200 12 "http://localhost:3000/?" "Mozilla/5.0 (iPhone; CPU iPhone OS 11_0 like Mac OS X) AppleWebKit/604.1.38 (KHTML, like Gecko) Version/11.0 Mobile/15A372 Safari/604.1"
::1 - - [21/Jan/2020:14:50:04 +0000] "GET /users/afdsafa HTTP/1.1" 200 12 "http://localhost:3000/?" "Mozilla/5.0 (iPhone; CPU iPhone OS 10_3_1 like Mac OS X) AppleWebKit/603.1.30 (KHTML, like Gecko) Version/10.0 Mobile/14E304 Safari/602.1"
::1 - - [21/Jan/2020:14:52:19 +0000] "GET /users/hehe HTTP/1.1" 200 12 "http://localhost:3000/?" "Mozilla/5.0 (iPhone; CPU iPhone OS 10_3_1 like Mac OS X) AppleWebKit/603.1.30 (KHTML, like Gecko) Version/10.0 Mobile/14E304 Safari/602.1"
::ffff:127.0.0.1 - - [21/Jan/2020:14:52:22 +0000] "GET /users/ayeayea HTTP/1.1" 200 12 "http://localhost:3000/?" "Mozilla/5.0 (iPhone; CPU iPhone OS 11_0 like Mac OS X) AppleWebKit/604.1.38 (KHTML, like Gecko) Version/11.0 Mobile/15A372 Safari/604.1"
::ffff:127.0.0.1 - - [21/Jan/2020:14:52:26 +0000] "GET /users/eheh HTTP/1.1" 200 12 "http://localhost:3000/?" "Mozilla/5.0 (iPhone; CPU iPhone OS 11_0 like Mac OS X) AppleWebKit/604.1.38 (KHTML, like Gecko) Version/11.0 Mobile/15A372 Safari/604.1"
::1 - - [21/Jan/2020:14:52:56 +0000] "GET /users/qwer HTTP/1.1" 200 12 "http://localhost:3000/?" "Mozilla/5.0 (iPhone; CPU iPhone OS 10_3_1 like Mac OS X) AppleWebKit/603.1.30 (KHTML, like Gecko) Version/10.0 Mobile/14E304 Safari/602.1"
::ffff:127.0.0.1 - - [21/Jan/2020:14:52:59 +0000] "GET /users/dasdfsa HTTP/1.1" 200 12 "http://localhost:3000/?" "Mozilla/5.0 (iPhone; CPU iPhone OS 11_0 like Mac OS X) AppleWebKit/604.1.38 (KHTML, like Gecko) Version/11.0 Mobile/15A372 Safari/604.1"
::1 - - [21/Jan/2020:14:53:08 +0000] "GET /users/xczvzv HTTP/1.1" 200 12 "http://localhost:3000/?" "Mozilla/5.0 (iPhone; CPU iPhone OS 10_3_1 like Mac OS X) AppleWebKit/603.1.30 (KHTML, like Gecko) Version/10.0 Mobile/14E304 Safari/602.1"
::ffff:127.0.0.1 - - [21/Jan/2020:15:56:53 +0000] "GET /users/ HTTP/1.1" 400 27 "http://localhost:3000/?" "Mozilla/5.0 (iPhone; CPU iPhone OS 11_0 like Mac OS X) AppleWebKit/604.1.38 (KHTML, like Gecko) Version/11.0 Mobile/15A372 Safari/604.1"
::ffff:127.0.0.1 - - [21/Jan/2020:15:56:55 +0000] "GET /users/123456 HTTP/1.1" 200 12 "http://localhost:3000/?" "Mozilla/5.0 (iPhone; CPU iPhone OS 11_0 like Mac OS X) AppleWebKit/604.1.38 (KHTML, like Gecko) Version/11.0 Mobile/15A372 Safari/604.1"
::1 - - [21/Jan/2020:15:58:28 +0000] "GET /users/ HTTP/1.1" 400 27 "http://localhost:3000/?" "Mozilla/5.0 (iPhone; CPU iPhone OS 10_3_1 like Mac OS X) AppleWebKit/603.1.30 (KHTML, like Gecko) Version/10.0 Mobile/14E304 Safari/602.1"
::1 - - [21/Jan/2020:15:58:30 +0000] "GET /users/hej HTTP/1.1" 200 12 "http://localhost:3000/?" "Mozilla/5.0 (iPhone; CPU iPhone OS 10_3_1 like Mac OS X) AppleWebKit/603.1.30 (KHTML, like Gecko) Version/10.0 Mobile/14E304 Safari/602.1"
::1 - - [21/Jan/2020:16:25:48 +0000] "GET /users/jonathan HTTP/1.1" 200 12 "http://localhost:3000/?" "Mozilla/5.0 (iPhone; CPU iPhone OS 10_3_1 like Mac OS X) AppleWebKit/603.1.30 (KHTML, like Gecko) Version/10.0 Mobile/14E304 Safari/602.1"
::ffff:127.0.0.1 - - [21/Jan/2020:16:25:51 +0000] "GET /users/jonathan HTTP/1.1" 400 24 "http://localhost:3000/?" "Mozilla/5.0 (iPhone; CPU iPhone OS 11_0 like Mac OS X) AppleWebKit/604.1.38 (KHTML, like Gecko) Version/11.0 Mobile/15A372 Safari/604.1"
::ffff:127.0.0.1 - - [21/Jan/2020:16:25:55 +0000] "GET /users/hej HTTP/1.1" 200 12 "http://localhost:3000/?" "Mozilla/5.0 (iPhone; CPU iPhone OS 11_0 like Mac OS X) AppleWebKit/604.1.38 (KHTML, like Gecko) Version/11.0 Mobile/15A372 Safari/604.1"
::1 - - [21/Jan/2020:16:27:55 +0000] "GET /users/heheh HTTP/1.1" 200 12 "http://localhost:3000/?" "Mozilla/5.0 (iPhone; CPU iPhone OS 10_3_1 like Mac OS X) AppleWebKit/603.1.30 (KHTML, like Gecko) Version/10.0 Mobile/14E304 Safari/602.1"
::ffff:127.0.0.1 - - [21/Jan/2020:16:27:58 +0000] "GET /users/dssada HTTP/1.1" 200 12 "http://localhost:3000/?" "Mozilla/5.0 (iPhone; CPU iPhone OS 11_0 like Mac OS X) AppleWebKit/604.1.38 (KHTML, like Gecko) Version/11.0 Mobile/15A372 Safari/604.1"
::1 - - [21/Jan/2020:16:28:04 +0000] "GET /users/axcx HTTP/1.1" 200 12 "http://localhost:3000/?" "Mozilla/5.0 (iPhone; CPU iPhone OS 10_3_1 like Mac OS X) AppleWebKit/603.1.30 (KHTML, like Gecko) Version/10.0 Mobile/14E304 Safari/602.1"
::1 - - [21/Jan/2020:16:28:26 +0000] "GET /users/Jonathan HTTP/1.1" 200 12 "http://localhost:3000/?" "Mozilla/5.0 (iPhone; CPU iPhone OS 10_3_1 like Mac OS X) AppleWebKit/603.1.30 (KHTML, like Gecko) Version/10.0 Mobile/14E304 Safari/602.1"
::1 - - [21/Jan/2020:16:29:04 +0000] "GET /users/Heyyy HTTP/1.1" 200 12 "http://localhost:3000/?" "Mozilla/5.0 (iPhone; CPU iPhone OS 10_3_1 like Mac OS X) AppleWebKit/603.1.30 (KHTML, like Gecko) Version/10.0 Mobile/14E304 Safari/602.1"
::ffff:127.0.0.1 - - [21/Jan/2020:16:29:08 +0000] "GET /users/Jonathan HTTP/1.1" 200 12 "http://localhost:3000/?" "Mozilla/5.0 (iPhone; CPU iPhone OS 11_0 like Mac OS X) AppleWebKit/604.1.38 (KHTML, like Gecko) Version/11.0 Mobile/15A372 Safari/604.1"
::1 - - [21/Jan/2020:16:29:28 +0000] "GET /users/Pedro HTTP/1.1" 200 12 "http://localhost:3000/?" "Mozilla/5.0 (iPhone; CPU iPhone OS 10_3_1 like Mac OS X) AppleWebKit/603.1.30 (KHTML, like Gecko) Version/10.0 Mobile/14E304 Safari/602.1"
::1 - - [21/Jan/2020:16:29:52 +0000] "GET /users/hehe HTTP/1.1" 200 12 "http://localhost:3000/?" "Mozilla/5.0 (iPhone; CPU iPhone OS 10_3_1 like Mac OS X) AppleWebKit/603.1.30 (KHTML, like Gecko) Version/10.0 Mobile/14E304 Safari/602.1"
::ffff:127.0.0.1 - - [21/Jan/2020:16:29:55 +0000] "GET /users/he HTTP/1.1" 200 12 "http://localhost:3000/?" "Mozilla/5.0 (iPhone; CPU iPhone OS 11_0 like Mac OS X) AppleWebKit/604.1.38 (KHTML, like Gecko) Version/11.0 Mobile/15A372 Safari/604.1"
::1 - - [21/Jan/2020:16:30:10 +0000] "GET /users/jonathan HTTP/1.1" 200 12 "http://localhost:3000/?" "Mozilla/5.0 (iPhone; CPU iPhone OS 10_3_1 like Mac OS X) AppleWebKit/603.1.30 (KHTML, like Gecko) Version/10.0 Mobile/14E304 Safari/602.1"
::1 - - [21/Jan/2020:16:30:29 +0000] "GET /users/yoyoyo HTTP/1.1" 200 12 "http://localhost:3000/?" "Mozilla/5.0 (iPhone; CPU iPhone OS 10_3_1 like Mac OS X) AppleWebKit/603.1.30 (KHTML, like Gecko) Version/10.0 Mobile/14E304 Safari/602.1"
::ffff:127.0.0.1 - - [21/Jan/2020:16:30:31 +0000] "GET /users/eh HTTP/1.1" 200 12 "http://localhost:3000/?" "Mozilla/5.0 (iPhone; CPU iPhone OS 11_0 like Mac OS X) AppleWebKit/604.1.38 (KHTML, like Gecko) Version/11.0 Mobile/15A372 Safari/604.1"
::1 - - [21/Jan/2020:16:30:37 +0000] "GET /users/asdfg HTTP/1.1" 200 12 "http://localhost:3000/?" "Mozilla/5.0 (iPhone; CPU iPhone OS 10_3_1 like Mac OS X) AppleWebKit/603.1.30 (KHTML, like Gecko) Version/10.0 Mobile/14E304 Safari/602.1"
::1 - - [21/Jan/2020:16:31:14 +0000] "GET /users/qwert HTTP/1.1" 200 12 "http://localhost:3000/?" "Mozilla/5.0 (iPhone; CPU iPhone OS 10_3_1 like Mac OS X) AppleWebKit/603.1.30 (KHTML, like Gecko) Version/10.0 Mobile/14E304 Safari/602.1"
::ffff:127.0.0.1 - - [21/Jan/2020:16:31:17 +0000] "GET /users/adfgs HTTP/1.1" 200 12 "http://localhost:3000/?" "Mozilla/5.0 (iPhone; CPU iPhone OS 11_0 like Mac OS X) AppleWebKit/604.1.38 (KHTML, like Gecko) Version/11.0 Mobile/15A372 Safari/604.1"
::1 - - [21/Jan/2020:16:31:22 +0000] "GET /users/qwert HTTP/1.1" 400 24 "http://localhost:3000/?" "Mozilla/5.0 (iPhone; CPU iPhone OS 10_3_1 like Mac OS X) AppleWebKit/603.1.30 (KHTML, like Gecko) Version/10.0 Mobile/14E304 Safari/602.1"
::1 - - [21/Jan/2020:16:32:25 +0000] "GET /users/ HTTP/1.1" 400 27 "http://localhost:3000/?" "Mozilla/5.0 (iPhone; CPU iPhone OS 10_3_1 like Mac OS X) AppleWebKit/603.1.30 (KHTML, like Gecko) Version/10.0 Mobile/14E304 Safari/602.1"
::1 - - [21/Jan/2020:16:32:26 +0000] "GET /users/ HTTP/1.1" 400 27 "http://localhost:3000/?" "Mozilla/5.0 (iPhone; CPU iPhone OS 10_3_1 like Mac OS X) AppleWebKit/603.1.30 (KHTML, like Gecko) Version/10.0 Mobile/14E304 Safari/602.1"
::1 - - [21/Jan/2020:16:32:30 +0000] "GET /users/qwert HTTP/1.1" 400 24 "http://localhost:3000/?" "Mozilla/5.0 (iPhone; CPU iPhone OS 10_3_1 like Mac OS X) AppleWebKit/603.1.30 (KHTML, like Gecko) Version/10.0 Mobile/14E304 Safari/602.1"
::1 - - [21/Jan/2020:16:32:33 +0000] "GET /users/qwerty HTTP/1.1" 200 12 "http://localhost:3000/?" "Mozilla/5.0 (iPhone; CPU iPhone OS 10_3_1 like Mac OS X) AppleWebKit/603.1.30 (KHTML, like Gecko) Version/10.0 Mobile/14E304 Safari/602.1"
::1 - - [21/Jan/2020:16:32:40 +0000] "GET /users/qwerty HTTP/1.1" 400 24 "http://localhost:3000/?" "Mozilla/5.0 (iPhone; CPU iPhone OS 10_3_1 like Mac OS X) AppleWebKit/603.1.30 (KHTML, like Gecko) Version/10.0 Mobile/14E304 Safari/602.1"
::1 - - [21/Jan/2020:16:32:50 +0000] "GET /users/wqerty HTTP/1.1" 200 12 "http://localhost:3000/?" "Mozilla/5.0 (iPhone; CPU iPhone OS 10_3_1 like Mac OS X) AppleWebKit/603.1.30 (KHTML, like Gecko) Version/10.0 Mobile/14E304 Safari/602.1"
::ffff:127.0.0.1 - - [21/Jan/2020:16:32:53 +0000] "GET /users/qwert HTTP/1.1" 200 12 "http://localhost:3000/?" "Mozilla/5.0 (iPhone; CPU iPhone OS 11_0 like Mac OS X) AppleWebKit/604.1.38 (KHTML, like Gecko) Version/11.0 Mobile/15A372 Safari/604.1"
::ffff:127.0.0.1 - - [21/Jan/2020:16:32:59 +0000] "GET /users/qwert HTTP/1.1" 200 12 "http://localhost:3000/?" "Mozilla/5.0 (iPhone; CPU iPhone OS 11_0 like Mac OS X) AppleWebKit/604.1.38 (KHTML, like Gecko) Version/11.0 Mobile/15A372 Safari/604.1"
::1 - - [21/Jan/2020:16:33:16 +0000] "GET /users/qwert HTTP/1.1" 200 12 "http://localhost:3000/?" "Mozilla/5.0 (iPhone; CPU iPhone OS 10_3_1 like Mac OS X) AppleWebKit/603.1.30 (KHTML, like Gecko) Version/10.0 Mobile/14E304 Safari/602.1"
::1 - - [21/Jan/2020:16:33:19 +0000] "GET /users/qwert HTTP/1.1" 200 12 "http://localhost:3000/?" "Mozilla/5.0 (iPhone; CPU iPhone OS 10_3_1 like Mac OS X) AppleWebKit/603.1.30 (KHTML, like Gecko) Version/10.0 Mobile/14E304 Safari/602.1"
::1 - - [21/Jan/2020:16:33:23 +0000] "GET /users/qwqert HTTP/1.1" 200 12 "http://localhost:3000/?" "Mozilla/5.0 (iPhone; CPU iPhone OS 10_3_1 like Mac OS X) AppleWebKit/603.1.30 (KHTML, like Gecko) Version/10.0 Mobile/14E304 Safari/602.1"
::ffff:127.0.0.1 - - [21/Jan/2020:16:33:26 +0000] "GET /users/sfsadf HTTP/1.1" 200 12 "http://localhost:3000/?" "Mozilla/5.0 (iPhone; CPU iPhone OS 11_0 like Mac OS X) AppleWebKit/604.1.38 (KHTML, like Gecko) Version/11.0 Mobile/15A372 Safari/604.1"
::1 - - [21/Jan/2020:16:33:32 +0000] "GET /users/jonathan'%C2%A8 HTTP/1.1" 400 25 "http://localhost:3000/?" "Mozilla/5.0 (iPhone; CPU iPhone OS 10_3_1 like Mac OS X) AppleWebKit/603.1.30 (KHTML, like Gecko) Version/10.0 Mobile/14E304 Safari/602.1"
::1 - - [21/Jan/2020:16:33:35 +0000] "GET /users/jonathan HTTP/1.1" 200 12 "http://localhost:3000/?" "Mozilla/5.0 (iPhone; CPU iPhone OS 10_3_1 like Mac OS X) AppleWebKit/603.1.30 (KHTML, like Gecko) Version/10.0 Mobile/14E304 Safari/602.1"
::1 - - [21/Jan/2020:16:34:13 +0000] "GET /users/hello HTTP/1.1" 200 12 "http://localhost:3000/?" "Mozilla/5.0 (iPhone; CPU iPhone OS 10_3_1 like Mac OS X) AppleWebKit/603.1.30 (KHTML, like Gecko) Version/10.0 Mobile/14E304 Safari/602.1"
::ffff:127.0.0.1 - - [21/Jan/2020:16:34:16 +0000] "GET /users/yoyoyo HTTP/1.1" 200 12 "http://localhost:3000/?" "Mozilla/5.0 (iPhone; CPU iPhone OS 11_0 like Mac OS X) AppleWebKit/604.1.38 (KHTML, like Gecko) Version/11.0 Mobile/15A372 Safari/604.1"
::1 - - [21/Jan/2020:16:34:29 +0000] "GET /users/jonathan HTTP/1.1" 200 12 "http://localhost:3000/?" "Mozilla/5.0 (iPhone; CPU iPhone OS 10_3_1 like Mac OS X) AppleWebKit/603.1.30 (KHTML, like Gecko) Version/10.0 Mobile/14E304 Safari/602.1"
::1 - - [21/Jan/2020:16:34:40 +0000] "GET /users/jonathan HTTP/1.1" 400 24 "http://localhost:3000/?" "Mozilla/5.0 (iPhone; CPU iPhone OS 10_3_1 like Mac OS X) AppleWebKit/603.1.30 (KHTML, like Gecko) Version/10.0 Mobile/14E304 Safari/602.1"
::1 - - [21/Jan/2020:16:35:02 +0000] "GET /users/jon HTTP/1.1" 200 12 "http://localhost:3000/?" "Mozilla/5.0 (iPhone; CPU iPhone OS 10_3_1 like Mac OS X) AppleWebKit/603.1.30 (KHTML, like Gecko) Version/10.0 Mobile/14E304 Safari/602.1"
::1 - - [21/Jan/2020:16:35:05 +0000] "GET /users/jon HTTP/1.1" 200 12 "http://localhost:3000/?" "Mozilla/5.0 (iPhone; CPU iPhone OS 10_3_1 like Mac OS X) AppleWebKit/603.1.30 (KHTML, like Gecko) Version/10.0 Mobile/14E304 Safari/602.1"
::1 - - [21/Jan/2020:16:35:10 +0000] "GET /users/jonathan HTTP/1.1" 200 12 "http://localhost:3000/?" "Mozilla/5.0 (iPhone; CPU iPhone OS 10_3_1 like Mac OS X) AppleWebKit/603.1.30 (KHTML, like Gecko) Version/10.0 Mobile/14E304 Safari/602.1"
::ffff:127.0.0.1 - - [21/Jan/2020:16:35:14 +0000] "GET /users/jonathan HTTP/1.1" 400 24 "http://localhost:3000/?" "Mozilla/5.0 (iPhone; CPU iPhone OS 11_0 like Mac OS X) AppleWebKit/604.1.38 (KHTML, like Gecko) Version/11.0 Mobile/15A372 Safari/604.1"
::ffff:127.0.0.1 - - [21/Jan/2020:16:35:15 +0000] "GET /users/jon HTTP/1.1" 200 12 "http://localhost:3000/?" "Mozilla/5.0 (iPhone; CPU iPhone OS 11_0 like Mac OS X) AppleWebKit/604.1.38 (KHTML, like Gecko) Version/11.0 Mobile/15A372 Safari/604.1"
::1 - - [21/Jan/2020:16:35:27 +0000] "GET /users/jonathan HTTP/1.1" 200 12 "http://localhost:3000/?" "Mozilla/5.0 (iPhone; CPU iPhone OS 10_3_1 like Mac OS X) AppleWebKit/603.1.30 (KHTML, like Gecko) Version/10.0 Mobile/14E304 Safari/602.1"
::1 - - [21/Jan/2020:16:38:04 +0000] "GET /users/jonathan HTTP/1.1" 200 12 "http://localhost:3000/?" "Mozilla/5.0 (iPhone; CPU iPhone OS 10_3_1 like Mac OS X) AppleWebKit/603.1.30 (KHTML, like Gecko) Version/10.0 Mobile/14E304 Safari/602.1"
::1 - - [21/Jan/2020:16:41:48 +0000] "GET /users/ HTTP/1.1" 404 145 "http://localhost:3000/?" "Mozilla/5.0 (iPhone; CPU iPhone OS 10_3_1 like Mac OS X) AppleWebKit/603.1.30 (KHTML, like Gecko) Version/10.0 Mobile/14E304 Safari/602.1"
::1 - - [21/Jan/2020:16:41:49 +0000] "GET /users/ HTTP/1.1" 404 145 "http://localhost:3000/?" "Mozilla/5.0 (iPhone; CPU iPhone OS 10_3_1 like Mac OS X) AppleWebKit/603.1.30 (KHTML, like Gecko) Version/10.0 Mobile/14E304 Safari/602.1"
::1 - - [21/Jan/2020:16:41:51 +0000] "GET /users/ HTTP/1.1" 404 145 "http://localhost:3000/?" "Mozilla/5.0 (iPhone; CPU iPhone OS 10_3_1 like Mac OS X) AppleWebKit/603.1.30 (KHTML, like Gecko) Version/10.0 Mobile/14E304 Safari/602.1"
